<?xml version="1.0" encoding="utf-8"?><testsuites><testsuite name="pytest" errors="0" failures="0" skipped="0" tests="12" time="0.508" timestamp="2025-12-15T23:54:12.471685" hostname="MacBook-Air-Danil.local"><testcase classname="tests.integration.test_api" name="test_health_check" time="0.013" /><testcase classname="tests.integration.test_api" name="test_create_and_get_book" time="0.020" /><testcase classname="tests.integration.test_api" name="test_update_book" time="0.010" /><testcase classname="tests.integration.test_api" name="test_delete_book" time="0.011" /><testcase classname="tests.integration.test_api" name="test_search_books" time="0.010" /><testcase classname="tests.integration.test_api" name="test_create_and_get_reader" time="0.011" /><testcase classname="tests.integration.test_api" name="test_book_loan_cycle" time="0.030" /><testcase classname="tests.integration.test_api" name="test_reader_book_limit" time="0.055" /><testcase classname="tests.unit.test_books" name="test_book_model_creation" time="0.000" /><testcase classname="tests.unit.test_books" name="test_book_schema_validation" time="0.000" /><testcase classname="tests.unit.test_books" name="test_book_update_schema" time="0.000" /><testcase classname="tests.unit.test_books" name="test_book_to_dict_method" time="0.000" /></testsuite></testsuites>